// Jest Snapshot v1, https://goo.gl/fbAQLP

exports[`renders correctly 1`] = `
<div
  className="Tab"
>
  <div>
    Content 1
  </div>
</div>
`;
