// Jest Snapshot v1, https://goo.gl/fbAQLP

exports[`renders correctly 1`] = `
Array [
  <label
    className="Label"
  >
    <span
      className="Label-text"
    >
      A
    </span>
  </label>,
  <textarea
    className="Textarea"
    onChange={[Function]}
  />,
]
`;
